../Core/Src/main.c:135:5:main	16	static
../Core/Src/main.c:235:6:SystemClock_Config	88	static
../Core/Src/main.c:282:13:MX_ADC1_Init	24	static
../Core/Src/main.c:334:13:MX_I2C1_Init	8	static
../Core/Src/main.c:368:13:MX_TIM1_Init	80	static
../Core/Src/main.c:445:13:MX_TIM2_Init	32	static
../Core/Src/main.c:490:13:MX_USART6_UART_Init	8	static
../Core/Src/main.c:521:13:MX_DMA_Init	16	static
../Core/Src/main.c:539:13:MX_GPIO_Init	40	static
../Core/Src/main.c:579:19:flight_controller_init	8	static
../Core/Src/main.c:618:6:Error_Handler	4	static,ignoring_inline_asm
