../Core/Src/main.c:137:5:main	2
../Core/Src/main.c:239:6:SystemClock_Config	3
../Core/Src/main.c:286:13:MX_ADC1_Init	3
../Core/Src/main.c:338:13:MX_I2C1_Init	2
../Core/Src/main.c:372:13:MX_TIM1_Init	8
../Core/Src/main.c:449:13:MX_TIM2_Init	4
../Core/Src/main.c:494:13:MX_USART1_UART_Init	2
../Core/Src/main.c:527:13:MX_USART2_UART_Init	2
../Core/Src/main.c:558:13:MX_DMA_Init	1
../Core/Src/main.c:576:13:MX_GPIO_Init	1
../Core/Src/main.c:616:19:flight_controller_init	1
../Core/Src/main.c:655:6:Error_Handler	1
