../Core/Src/main.c:139:5:main	8	static
../Core/Src/main.c:255:6:SystemClock_Config	88	static
../Core/Src/main.c:302:13:MX_ADC1_Init	24	static
../Core/Src/main.c:354:13:MX_I2C1_Init	8	static
../Core/Src/main.c:388:13:MX_TIM1_Init	80	static
../Core/Src/main.c:465:13:MX_TIM2_Init	32	static
../Core/Src/main.c:510:13:MX_USART1_UART_Init	8	static
../Core/Src/main.c:543:13:MX_USART2_UART_Init	8	static
../Core/Src/main.c:574:13:MX_DMA_Init	16	static
../Core/Src/main.c:592:13:MX_GPIO_Init	40	static
../Core/Src/main.c:615:19:flight_controller_init	8	static
../Core/Src/main.c:654:6:Error_Handler	4	static,ignoring_inline_asm
