../Core/Src/stm32f4xx_it.c:81:6:NMI_Handler	4	static
../Core/Src/stm32f4xx_it.c:96:6:HardFault_Handler	4	static
../Core/Src/stm32f4xx_it.c:111:6:MemManage_Handler	4	static
../Core/Src/stm32f4xx_it.c:126:6:BusFault_Handler	4	static
../Core/Src/stm32f4xx_it.c:141:6:UsageFault_Handler	4	static
../Core/Src/stm32f4xx_it.c:156:6:SVC_Handler	4	static
../Core/Src/stm32f4xx_it.c:169:6:DebugMon_Handler	4	static
../Core/Src/stm32f4xx_it.c:182:6:PendSV_Handler	4	static
../Core/Src/stm32f4xx_it.c:195:6:SysTick_Handler	8	static
../Core/Src/stm32f4xx_it.c:216:6:I2C1_EV_IRQHandler	8	static
../Core/Src/stm32f4xx_it.c:230:6:USART2_IRQHandler	8	static
../Core/Src/stm32f4xx_it.c:244:6:DMA2_Stream2_IRQHandler	8	static
../Core/Src/stm32f4xx_it.c:256:6:HAL_TIM_PeriodElapsedCallback	16	static
../Core/Src/stm32f4xx_it.c:264:6:HAL_UART_RxCpltCallback	16	static
../Core/Src/stm32f4xx_it.c:271:6:HAL_I2C_MemRxCpltCallback	16	static
../Core/Src/stm32f4xx_it.c:289:6:MPU6050_I2C_RxCpltCallback	8	static
../Core/Src/stm32f4xx_it.c:308:6:BMP280_I2C_RxCpltCallback	8	static
../Core/Src/stm32f4xx_it.c:314:6:HMC5883L_I2C_RxCpltCallback	8	static
