../Core/Src/stm32f4xx_it.c:79:6:NMI_Handler	4	static
../Core/Src/stm32f4xx_it.c:94:6:HardFault_Handler	4	static
../Core/Src/stm32f4xx_it.c:109:6:MemManage_Handler	4	static
../Core/Src/stm32f4xx_it.c:124:6:BusFault_Handler	4	static
../Core/Src/stm32f4xx_it.c:139:6:UsageFault_Handler	4	static
../Core/Src/stm32f4xx_it.c:154:6:SVC_Handler	4	static
../Core/Src/stm32f4xx_it.c:167:6:DebugMon_Handler	4	static
../Core/Src/stm32f4xx_it.c:180:6:PendSV_Handler	4	static
../Core/Src/stm32f4xx_it.c:193:6:SysTick_Handler	8	static
../Core/Src/stm32f4xx_it.c:214:6:I2C1_EV_IRQHandler	8	static
../Core/Src/stm32f4xx_it.c:226:6:HAL_TIM_PeriodElapsedCallback	16	static
../Core/Src/stm32f4xx_it.c:241:6:HAL_I2C_MemRxCpltCallback	16	static
../Core/Src/stm32f4xx_it.c:259:6:MPU6050_I2C_RxCpltCallback	8	static
../Core/Src/stm32f4xx_it.c:278:6:BMP280_I2C_RxCpltCallback	8	static
../Core/Src/stm32f4xx_it.c:284:6:HMC5883L_I2C_RxCpltCallback	8	static
